[debug] [2025-04-14T10:13:50.964Z] ----------------------------------------------------------------------
[debug] [2025-04-14T10:13:50.966Z] Command:       C:\Program Files\nodejs\node.exe C:\Users\ASUS\AppData\Roaming\npm\node_modules\firebase-tools\lib\bin\firebase.js deploy
[debug] [2025-04-14T10:13:50.967Z] CLI Version:   13.20.2
[debug] [2025-04-14T10:13:50.967Z] Platform:      win32
[debug] [2025-04-14T10:13:50.967Z] Node Version:  v20.12.2
[debug] [2025-04-14T10:13:50.967Z] Time:          Mon Apr 14 2025 15:43:50 GMT+0530 (India Standard Time)
[debug] [2025-04-14T10:13:50.967Z] ----------------------------------------------------------------------
[debug] 
[debug] [2025-04-14T10:13:50.971Z] >>> [apiv2][query] GET https://firebase-public.firebaseio.com/cli.json [none]
[debug] [2025-04-14T10:13:51.093Z] > command requires scopes: ["email","openid","https://www.googleapis.com/auth/cloudplatformprojects.readonly","https://www.googleapis.com/auth/firebase","https://www.googleapis.com/auth/cloud-platform"]
[debug] [2025-04-14T10:13:51.093Z] > authorizing via signed-in user (0702skb@gmail.com)
[debug] [2025-04-14T10:13:51.093Z] [iam] checking project sbsolution for permissions ["firebase.projects.get","firebasehosting.sites.update"]
[debug] [2025-04-14T10:13:51.094Z] Checked if tokens are valid: false, expires at: 1739453969993
[debug] [2025-04-14T10:13:51.094Z] Checked if tokens are valid: false, expires at: 1739453969993
[debug] [2025-04-14T10:13:51.095Z] > refreshing access token with scopes: []
[debug] [2025-04-14T10:13:51.096Z] >>> [apiv2][query] POST https://www.googleapis.com/oauth2/v3/token [none]
[debug] [2025-04-14T10:13:51.096Z] >>> [apiv2][body] POST https://www.googleapis.com/oauth2/v3/token [omitted]
[debug] [2025-04-14T10:13:51.333Z] <<< [apiv2][status] POST https://www.googleapis.com/oauth2/v3/token 200
[debug] [2025-04-14T10:13:51.333Z] <<< [apiv2][body] POST https://www.googleapis.com/oauth2/v3/token [omitted]
[debug] [2025-04-14T10:13:51.344Z] >>> [apiv2][query] POST https://cloudresourcemanager.googleapis.com/v1/projects/sbsolution:testIamPermissions [none]
[debug] [2025-04-14T10:13:51.344Z] >>> [apiv2][(partial)header] POST https://cloudresourcemanager.googleapis.com/v1/projects/sbsolution:testIamPermissions x-goog-quota-user=projects/sbsolution
[debug] [2025-04-14T10:13:51.344Z] >>> [apiv2][body] POST https://cloudresourcemanager.googleapis.com/v1/projects/sbsolution:testIamPermissions {"permissions":["firebase.projects.get","firebasehosting.sites.update"]}
[debug] [2025-04-14T10:13:51.785Z] <<< [apiv2][status] GET https://firebase-public.firebaseio.com/cli.json 200
[debug] [2025-04-14T10:13:51.785Z] <<< [apiv2][body] GET https://firebase-public.firebaseio.com/cli.json {"cloudBuildErrorAfter":1594252800000,"cloudBuildWarnAfter":1590019200000,"defaultNode10After":1594252800000,"minVersion":"3.0.5","node8DeploysDisabledAfter":1613390400000,"node8RuntimeDisabledAfter":1615809600000,"node8WarnAfter":1600128000000}
[debug] [2025-04-14T10:13:53.255Z] <<< [apiv2][status] POST https://cloudresourcemanager.googleapis.com/v1/projects/sbsolution:testIamPermissions 200
[debug] [2025-04-14T10:13:53.255Z] <<< [apiv2][body] POST https://cloudresourcemanager.googleapis.com/v1/projects/sbsolution:testIamPermissions {}
[debug] [2025-04-14T10:13:53.256Z] [iam] error while checking permissions, command may fail: FirebaseError: Authorization failed. This account is missing the following required permissions on project sbsolution:

  firebase.projects.get
  firebasehosting.sites.update
[debug] [2025-04-14T10:13:53.257Z] Checked if tokens are valid: true, expires at: 1744629230334
[debug] [2025-04-14T10:13:53.258Z] Checked if tokens are valid: true, expires at: 1744629230334
[debug] [2025-04-14T10:13:53.258Z] >>> [apiv2][query] GET https://firebase.googleapis.com/v1beta1/projects/sbsolution [none]
[debug] [2025-04-14T10:13:53.951Z] <<< [apiv2][status] GET https://firebase.googleapis.com/v1beta1/projects/sbsolution 403
[debug] [2025-04-14T10:13:53.952Z] <<< [apiv2][body] GET https://firebase.googleapis.com/v1beta1/projects/sbsolution {"error":{"code":403,"message":"The caller does not have permission","status":"PERMISSION_DENIED"}}
[debug] [2025-04-14T10:13:53.954Z] HTTP Error: 403, The caller does not have permission
[debug] [2025-04-14T10:13:54.174Z] FirebaseError: HTTP Error: 403, The caller does not have permission
    at responseToError (C:\Users\ASUS\AppData\Roaming\npm\node_modules\firebase-tools\lib\responseToError.js:49:12)
    at RetryOperation._fn (C:\Users\ASUS\AppData\Roaming\npm\node_modules\firebase-tools\lib\apiv2.js:312:77)
    at process.processTicksAndRejections (node:internal/process/task_queues:95:5)
[error] 
[error] Error: Failed to get Firebase project sbsolution. Please make sure the project exists and your account has permission to access it.
[debug] [2025-04-14T10:15:33.428Z] ----------------------------------------------------------------------
[debug] [2025-04-14T10:15:33.431Z] Command:       C:\Program Files\nodejs\node.exe C:\Users\ASUS\AppData\Roaming\npm\node_modules\firebase-tools\lib\bin\firebase.js deploy
[debug] [2025-04-14T10:15:33.431Z] CLI Version:   14.1.0
[debug] [2025-04-14T10:15:33.431Z] Platform:      win32
[debug] [2025-04-14T10:15:33.431Z] Node Version:  v20.12.2
[debug] [2025-04-14T10:15:33.431Z] Time:          Mon Apr 14 2025 15:45:33 GMT+0530 (India Standard Time)
[debug] [2025-04-14T10:15:33.432Z] ----------------------------------------------------------------------
[debug] 
[debug] [2025-04-14T10:15:33.675Z] > command requires scopes: ["email","openid","https://www.googleapis.com/auth/cloudplatformprojects.readonly","https://www.googleapis.com/auth/firebase","https://www.googleapis.com/auth/cloud-platform"]
[debug] [2025-04-14T10:15:33.676Z] > authorizing via signed-in user (0702skb@gmail.com)
[debug] [2025-04-14T10:15:33.676Z] [iam] checking project sbsolution for permissions ["firebase.projects.get","firebasehosting.sites.update"]
[debug] [2025-04-14T10:15:33.677Z] Checked if tokens are valid: true, expires at: 1744629230334
[debug] [2025-04-14T10:15:33.677Z] Checked if tokens are valid: true, expires at: 1744629230334
[debug] [2025-04-14T10:15:33.679Z] >>> [apiv2][query] POST https://cloudresourcemanager.googleapis.com/v1/projects/sbsolution:testIamPermissions [none]
[debug] [2025-04-14T10:15:33.679Z] >>> [apiv2][(partial)header] POST https://cloudresourcemanager.googleapis.com/v1/projects/sbsolution:testIamPermissions x-goog-quota-user=projects/sbsolution
[debug] [2025-04-14T10:15:33.679Z] >>> [apiv2][body] POST https://cloudresourcemanager.googleapis.com/v1/projects/sbsolution:testIamPermissions {"permissions":["firebase.projects.get","firebasehosting.sites.update"]}
[debug] [2025-04-14T10:15:35.464Z] <<< [apiv2][status] POST https://cloudresourcemanager.googleapis.com/v1/projects/sbsolution:testIamPermissions 200
[debug] [2025-04-14T10:15:35.465Z] <<< [apiv2][body] POST https://cloudresourcemanager.googleapis.com/v1/projects/sbsolution:testIamPermissions {}
[debug] [2025-04-14T10:15:35.465Z] [iam] error while checking permissions, command may fail: Authorization failed. This account is missing the following required permissions on project sbsolution:

  firebase.projects.get
  firebasehosting.sites.update
[debug] [2025-04-14T10:15:35.465Z] Checked if tokens are valid: true, expires at: 1744629230334
[debug] [2025-04-14T10:15:35.465Z] Checked if tokens are valid: true, expires at: 1744629230334
[debug] [2025-04-14T10:15:35.466Z] >>> [apiv2][query] GET https://firebase.googleapis.com/v1beta1/projects/sbsolution [none]
[debug] [2025-04-14T10:15:36.194Z] <<< [apiv2][status] GET https://firebase.googleapis.com/v1beta1/projects/sbsolution 403
[debug] [2025-04-14T10:15:36.194Z] <<< [apiv2][body] GET https://firebase.googleapis.com/v1beta1/projects/sbsolution {"error":{"code":403,"message":"The caller does not have permission","status":"PERMISSION_DENIED"}}
[debug] [2025-04-14T10:15:36.197Z] Request to https://firebase.googleapis.com/v1beta1/projects/sbsolution had HTTP Error: 403, The caller does not have permission
[debug] [2025-04-14T10:15:36.373Z] FirebaseError: Request to https://firebase.googleapis.com/v1beta1/projects/sbsolution had HTTP Error: 403, The caller does not have permission
    at responseToError (C:\Users\ASUS\AppData\Roaming\npm\node_modules\firebase-tools\lib\responseToError.js:52:12)
    at RetryOperation._fn (C:\Users\ASUS\AppData\Roaming\npm\node_modules\firebase-tools\lib\apiv2.js:312:77)
    at process.processTicksAndRejections (node:internal/process/task_queues:95:5)
[error] 
[error] Error: Failed to get Firebase project sbsolution. Please make sure the project exists and your account has permission to access it.
